2026-07-08 18:09:21 queue=/home/azureuser/qmi-v2/queue/nlp_controls.jsonl items=36
2026-07-08 18:09:21 [1/36] start sst2_roberta_adamw_lr2e5_wd001_42_v2ctl
2026-07-08 20:19:34 [1/36] done sst2_roberta_adamw_lr2e5_wd001_42_v2ctl acc=0.9220183486238532 in 7813s
2026-07-08 20:19:34 [2/36] start sst2_roberta_adamw_lr2e5_wd001_1337_v2ctl
2026-07-08 22:29:47 [2/36] done sst2_roberta_adamw_lr2e5_wd001_1337_v2ctl acc=0.9357798165137615 in 7813s
2026-07-08 22:29:47 [3/36] start sst2_roberta_adamw_lr2e5_wd001_2025_v2ctl
2026-07-09 00:40:00 [3/36] done sst2_roberta_adamw_lr2e5_wd001_2025_v2ctl acc=0.9254587155963303 in 7812s
2026-07-09 00:40:00 [4/36] start sst2_roberta_adamw_lr1e5_wd005_42_v2ctl
2026-07-09 02:50:11 [4/36] done sst2_roberta_adamw_lr1e5_wd005_42_v2ctl acc=0.9541284403669725 in 7811s
2026-07-09 02:50:11 [5/36] start sst2_roberta_adamw_lr1e5_wd005_1337_v2ctl
2026-07-09 05:00:37 [5/36] done sst2_roberta_adamw_lr1e5_wd005_1337_v2ctl acc=0.9426605504587156 in 7826s
2026-07-09 05:00:37 [6/36] start sst2_roberta_adamw_lr1e5_wd005_2025_v2ctl
2026-07-09 07:11:02 [6/36] done sst2_roberta_adamw_lr1e5_wd005_2025_v2ctl acc=0.9415137614678899 in 7825s
2026-07-09 07:11:02 [7/36] start sst2_roberta_adamw_lr1e5_wd001_42_v2ctl
2026-07-09 09:21:22 [7/36] done sst2_roberta_adamw_lr1e5_wd001_42_v2ctl acc=0.9438073394495413 in 7821s
2026-07-09 09:21:22 [8/36] start sst2_roberta_adamw_lr1e5_wd001_1337_v2ctl
2026-07-09 11:31:40 [8/36] done sst2_roberta_adamw_lr1e5_wd001_1337_v2ctl acc=0.9438073394495413 in 7818s
2026-07-09 11:31:40 [9/36] start sst2_roberta_adamw_lr1e5_wd001_2025_v2ctl
2026-07-09 13:42:00 [9/36] done sst2_roberta_adamw_lr1e5_wd001_2025_v2ctl acc=0.9346330275229358 in 7820s
2026-07-09 13:42:00 [10/36] start sst2_roberta_adamw_lr2e5_wd005_42_v2ctl
2026-07-09 15:52:20 [10/36] done sst2_roberta_adamw_lr2e5_wd005_42_v2ctl acc=0.9311926605504587 in 7820s
2026-07-09 15:52:20 [11/36] start sst2_roberta_adamw_lr2e5_wd005_1337_v2ctl
2026-07-09 18:02:40 [11/36] done sst2_roberta_adamw_lr2e5_wd005_1337_v2ctl acc=0.9311926605504587 in 7820s
2026-07-09 18:02:40 [12/36] start sst2_roberta_adamw_lr2e5_wd005_2025_v2ctl
2026-07-09 20:13:04 [12/36] done sst2_roberta_adamw_lr2e5_wd005_2025_v2ctl acc=0.9288990825688074 in 7824s
2026-07-09 20:13:04 [13/36] start imdb_roberta_adamw_lr2e5_wd001_42_v2ctl
2026-07-09 21:25:39 [13/36] done imdb_roberta_adamw_lr2e5_wd001_42_v2ctl acc=0.93168 in 4355s
2026-07-09 21:25:39 [14/36] start imdb_roberta_adamw_lr2e5_wd001_1337_v2ctl
2026-07-09 22:38:12 [14/36] done imdb_roberta_adamw_lr2e5_wd001_1337_v2ctl acc=0.934 in 4353s
2026-07-09 22:38:12 [15/36] start imdb_roberta_adamw_lr2e5_wd001_2025_v2ctl
2026-07-09 23:50:44 [15/36] done imdb_roberta_adamw_lr2e5_wd001_2025_v2ctl acc=0.93204 in 4352s
2026-07-09 23:50:44 [16/36] start imdb_roberta_adamw_lr1e5_wd005_42_v2ctl
2026-07-10 01:03:19 [16/36] done imdb_roberta_adamw_lr1e5_wd005_42_v2ctl acc=0.93364 in 4356s
2026-07-10 01:03:19 [17/36] start imdb_roberta_adamw_lr1e5_wd005_1337_v2ctl
2026-07-10 02:15:54 [17/36] done imdb_roberta_adamw_lr1e5_wd005_1337_v2ctl acc=0.94072 in 4355s
2026-07-10 02:15:54 [18/36] start imdb_roberta_adamw_lr1e5_wd005_2025_v2ctl
2026-07-10 03:28:30 [18/36] done imdb_roberta_adamw_lr1e5_wd005_2025_v2ctl acc=0.93164 in 4356s
2026-07-10 03:28:30 [19/36] start imdb_roberta_adamw_lr1e5_wd001_42_v2ctl
2026-07-10 04:41:05 [19/36] done imdb_roberta_adamw_lr1e5_wd001_42_v2ctl acc=0.94084 in 4355s
2026-07-10 04:41:05 [20/36] start imdb_roberta_adamw_lr1e5_wd001_1337_v2ctl
2026-07-10 05:53:41 [20/36] done imdb_roberta_adamw_lr1e5_wd001_1337_v2ctl acc=0.94264 in 4356s
2026-07-10 05:53:41 [21/36] start imdb_roberta_adamw_lr1e5_wd001_2025_v2ctl
2026-07-10 07:06:12 [21/36] done imdb_roberta_adamw_lr1e5_wd001_2025_v2ctl acc=0.93152 in 4351s
2026-07-10 07:06:12 [22/36] start imdb_roberta_adamw_lr2e5_wd005_42_v2ctl
2026-07-10 08:18:49 [22/36] done imdb_roberta_adamw_lr2e5_wd005_42_v2ctl acc=0.92728 in 4357s
2026-07-10 08:18:49 [23/36] start imdb_roberta_adamw_lr2e5_wd005_1337_v2ctl
2026-07-10 09:31:24 [23/36] done imdb_roberta_adamw_lr2e5_wd005_1337_v2ctl acc=0.93564 in 4356s
2026-07-10 09:31:24 [24/36] start imdb_roberta_adamw_lr2e5_wd005_2025_v2ctl
2026-07-10 10:43:56 [24/36] done imdb_roberta_adamw_lr2e5_wd005_2025_v2ctl acc=0.93464 in 4352s
2026-07-10 10:43:56 [25/36] start ag_news_roberta_adamw_lr2e5_wd001_42_v2ctl
2026-07-10 14:43:03 [25/36] done ag_news_roberta_adamw_lr2e5_wd001_42_v2ctl acc=0.9465789473684211 in 14347s
2026-07-10 14:43:03 [26/36] start ag_news_roberta_adamw_lr2e5_wd001_1337_v2ctl
2026-07-10 18:42:10 [26/36] done ag_news_roberta_adamw_lr2e5_wd001_1337_v2ctl acc=0.9411842105263157 in 14347s
2026-07-10 18:42:10 [27/36] start ag_news_roberta_adamw_lr2e5_wd001_2025_v2ctl
2026-07-10 22:41:11 [27/36] done ag_news_roberta_adamw_lr2e5_wd001_2025_v2ctl acc=0.9475 in 14341s
2026-07-10 22:41:11 [28/36] start ag_news_roberta_adamw_lr1e5_wd005_42_v2ctl
2026-07-11 02:40:11 [28/36] done ag_news_roberta_adamw_lr1e5_wd005_42_v2ctl acc=0.9510526315789474 in 14340s
2026-07-11 02:40:11 [29/36] start ag_news_roberta_adamw_lr1e5_wd005_1337_v2ctl
2026-07-11 06:39:10 [29/36] done ag_news_roberta_adamw_lr1e5_wd005_1337_v2ctl acc=0.9484210526315789 in 14339s
2026-07-11 06:39:10 [30/36] start ag_news_roberta_adamw_lr1e5_wd005_2025_v2ctl
2026-07-11 10:38:07 [30/36] done ag_news_roberta_adamw_lr1e5_wd005_2025_v2ctl acc=0.9506578947368421 in 14337s
2026-07-11 10:38:07 [31/36] start ag_news_roberta_adamw_lr1e5_wd001_42_v2ctl
2026-07-11 14:36:59 [31/36] done ag_news_roberta_adamw_lr1e5_wd001_42_v2ctl acc=0.9493421052631579 in 14332s
2026-07-11 14:36:59 [32/36] start ag_news_roberta_adamw_lr1e5_wd001_1337_v2ctl
2026-07-11 18:35:56 [32/36] done ag_news_roberta_adamw_lr1e5_wd001_1337_v2ctl acc=0.9446052631578947 in 14337s
2026-07-11 18:35:56 [33/36] start ag_news_roberta_adamw_lr1e5_wd001_2025_v2ctl
2026-07-11 21:58:57 queue=/home/azureuser/qmi-v2/queue/nlp_controls.jsonl items=36
2026-07-11 21:58:57 [33/36] start ag_news_roberta_adamw_lr1e5_wd001_2025_v2ctl
2026-07-11 21:59:04 [33/36] FAILED ag_news_roberta_adamw_lr1e5_wd001_2025_v2ctl: RNG state must be a torch.ByteTensor
2026-07-11 21:59:04 [34/36] start ag_news_roberta_adamw_lr2e5_wd005_42_v2ctl
2026-07-11 22:02:40 queue=/home/azureuser/qmi-v2/queue/nlp_controls.jsonl items=36
2026-07-11 22:02:40 [33/36] start ag_news_roberta_adamw_lr1e5_wd001_2025_v2ctl
2026-07-11 23:24:06 [33/36] done ag_news_roberta_adamw_lr1e5_wd001_2025_v2ctl acc=0.9478947368421052 in 4886s
2026-07-11 23:24:06 [34/36] start ag_news_roberta_adamw_lr2e5_wd005_42_v2ctl
2026-07-12 03:23:26 [34/36] done ag_news_roberta_adamw_lr2e5_wd005_42_v2ctl acc=0.9507894736842105 in 14360s
2026-07-12 03:23:26 [35/36] start ag_news_roberta_adamw_lr2e5_wd005_1337_v2ctl
2026-07-12 07:22:50 [35/36] done ag_news_roberta_adamw_lr2e5_wd005_1337_v2ctl acc=0.9414473684210526 in 14363s
2026-07-12 07:22:50 [36/36] start ag_news_roberta_adamw_lr2e5_wd005_2025_v2ctl
2026-07-12 11:22:06 [36/36] done ag_news_roberta_adamw_lr2e5_wd005_2025_v2ctl acc=0.9471052631578948 in 14356s
2026-07-12 11:22:06 queue finished: done=4 skipped=32 failed=0
2026-07-12 11:22:07 queue=/home/azureuser/qmi-v2/queue/factorial_topup_agnews.jsonl items=4
2026-07-12 11:22:07 [1/4] start ag_news_roberta_adamw_lr1e5_wd001_7_v2ctl
2026-07-12 15:21:26 [1/4] done ag_news_roberta_adamw_lr1e5_wd001_7_v2ctl acc=0.9477631578947369 in 14359s
2026-07-12 15:21:26 [2/4] start ag_news_roberta_adamw_lr1e5_wd001_123_v2ctl
2026-07-12 19:20:50 [2/4] done ag_news_roberta_adamw_lr1e5_wd001_123_v2ctl acc=0.9501315789473684 in 14364s
2026-07-12 19:20:50 [3/4] start ag_news_roberta_adamw_lr2e5_wd005_7_v2ctl
2026-07-12 23:20:14 [3/4] done ag_news_roberta_adamw_lr2e5_wd005_7_v2ctl acc=0.9461842105263157 in 14364s
2026-07-12 23:20:14 [4/4] start ag_news_roberta_adamw_lr2e5_wd005_123_v2ctl
2026-07-13 03:19:34 [4/4] done ag_news_roberta_adamw_lr2e5_wd005_123_v2ctl acc=0.9476315789473684 in 14360s
2026-07-13 03:19:34 queue finished: done=4 skipped=0 failed=0
2026-07-13 03:19:34 queue=/home/azureuser/qmi-v2/queue/ngd_topup_distilbert.jsonl items=6
2026-07-13 03:19:34 [1/6] start sst2_distilbert_ngd_7_v2qi
2026-07-13 04:27:08 [1/6] done sst2_distilbert_ngd_7_v2qi acc=0.8979357798165137 in 4053s
2026-07-13 04:27:08 [2/6] start sst2_distilbert_ngd_123_v2qi
2026-07-13 05:34:31 [2/6] done sst2_distilbert_ngd_123_v2qi acc=0.9013761467889908 in 4043s
2026-07-13 05:34:31 [3/6] start imdb_distilbert_ngd_7_v2qi
2026-07-13 06:11:47 [3/6] done imdb_distilbert_ngd_7_v2qi acc=0.90632 in 2235s
2026-07-13 06:11:47 [4/6] start imdb_distilbert_ngd_123_v2qi
2026-07-13 06:49:02 [4/6] done imdb_distilbert_ngd_123_v2qi acc=0.90704 in 2236s
2026-07-13 06:49:02 [5/6] start ag_news_distilbert_ngd_7_v2qi
2026-07-13 08:52:31 [5/6] done ag_news_distilbert_ngd_7_v2qi acc=0.9353947368421053 in 7409s
2026-07-13 08:52:31 [6/6] start ag_news_distilbert_ngd_123_v2qi
2026-07-13 10:55:58 [6/6] done ag_news_distilbert_ngd_123_v2qi acc=0.935 in 7407s
2026-07-13 10:55:58 queue finished: done=6 skipped=0 failed=0
